// Jest Snapshot v1, https://goo.gl/fbAQLP

exports[`list - Non-Interactive Mode Should provide a list of available workflows 1`] = `
[
  {
    "description": "Check the organizations stored and update the information with the GitHub API.",
    "name": "update-github-orgs",
    "workflow": [Function],
  },
  {
    "description": "Check the organizations stored and update/create the information related to the repositories with the GitHub API.",
    "name": "upsert-github-repositories",
    "workflow": [Function],
  },
  {
    "description": "Run all the compliance checks for the stored data.",
    "name": "run-all-checks",
    "workflow": [Function],
  },
  {
    "description": "Upsert the OSSF Scorecard scoring by running and checking every repository in the database.",
    "name": "upsert-ossf-scorecard",
    "workflow": [Function],
  },
]
`;
