// Jest Snapshot v1, https://goo.gl/fbAQLP

exports[`GitHub Provider mappers Should map organization data correctly 1`] = `
{
  "advanced_security_enabled_for_new_repositories": false,
  "avatar_url": "https://avatars.githubusercontent.com/u/9919?v=4",
  "blog": "https://github.com/blog",
  "collaborators": 8,
  "company": "GitHub",
  "default_repository_permission": "read",
  "dependabot_alerts_enabled_for_new_repositories": false,
  "dependabot_security_updates_enabled_for_new_repositories": false,
  "dependency_graph_enabled_for_new_repositories": false,
  "deploy_keys_enabled_for_repositories": false,
  "description": "A great organization",
  "disk_usage": 10000,
  "followers": 20,
  "following": 0,
  "github_archived_at": undefined,
  "github_created_at": "2008-01-14T04:33:35Z",
  "github_org_id": 1,
  "github_updated_at": "2014-03-03T18:58:10Z",
  "has_organization_projects": true,
  "has_repository_projects": true,
  "html_url": "https://github.com/octocat",
  "is_verified": true,
  "location": "San Francisco",
  "login": "github",
  "members_allowed_repository_creation_type": "all",
  "members_can_create_internal_repositories": false,
  "members_can_create_pages": true,
  "members_can_create_private_pages": true,
  "members_can_create_private_repositories": false,
  "members_can_create_public_pages": true,
  "members_can_create_public_repositories": false,
  "members_can_create_repositories": true,
  "members_can_fork_private_repositories": false,
  "name": "github",
  "node_id": "MDEyOk9yZ2FuaXphdGlvbjE=",
  "owned_private_repos": 100,
  "private_gists": 81,
  "public_gists": 1,
  "public_repos": 2,
  "secret_scanning_enabled_for_new_repositories": false,
  "secret_scanning_push_protection_custom_link": "https://github.com/octo-org/octo-repo/blob/main/im-blocked.md",
  "secret_scanning_push_protection_custom_link_enabled": false,
  "secret_scanning_push_protection_enabled_for_new_repositories": false,
  "total_private_repos": 100,
  "twitter_username": "github",
  "two_factor_requirement_enabled": true,
  "url": "https://api.github.com/orgs/github",
  "web_commit_signoff_required": false,
}
`;

exports[`GitHub Provider mappers Should map repository data correctly 1`] = `
{
  "allow_auto_merge": false,
  "allow_forking": true,
  "allow_merge_commit": true,
  "allow_rebase_merge": true,
  "allow_squash_merge": true,
  "archived": false,
  "clone_url": "https://github.com/octocat/Hello-World.git",
  "default_branch": "master",
  "delete_branch_on_merge": true,
  "dependabot_security_updates_status": undefined,
  "description": "This your first repo!",
  "disabled": false,
  "fork": false,
  "forks_count": 9,
  "full_name": "octocat/Hello-World",
  "git_url": "git:github.com/octocat/Hello-World.git",
  "github_archived_at": undefined,
  "github_created_at": "2011-01-26T19:01:12Z",
  "github_repo_id": 1296269,
  "github_updated_at": "2011-01-26T19:14:43Z",
  "has_discussions": false,
  "has_downloads": true,
  "has_issues": true,
  "has_pages": false,
  "has_projects": true,
  "has_wiki": true,
  "homepage": "https://github.com",
  "html_url": "https://github.com/octocat/Hello-World",
  "is_template": false,
  "license_key": "mit",
  "license_name": "MIT License",
  "license_node_id": "MDc6TGljZW5zZW1pdA==",
  "license_spdx_id": "MIT",
  "license_url": "https://api.github.com/licenses/mit",
  "mirror_url": "git:git.example.com/octocat/Hello-World",
  "name": "Hello-World",
  "network_count": 0,
  "node_id": "MDEwOlJlcG9zaXRvcnkxMjk2MjY5",
  "open_issues_count": 0,
  "secret_scanning_non_provider_patterns_status": undefined,
  "secret_scanning_push_protection_status": undefined,
  "secret_scanning_status": undefined,
  "secret_scanning_validity_checks_status": undefined,
  "size": 108,
  "ssh_url": "git@github.com:octocat/Hello-World.git",
  "stargazers_count": 80,
  "subscribers_count": 42,
  "svn_url": "https://svn.github.com/octocat/Hello-World",
  "topics": [
    "octocat",
    "atom",
    "electron",
    "api",
  ],
  "url": "https://api.github.com/repos/octocat/Hello-World",
  "visibility": "public",
  "watchers_count": 80,
}
`;

exports[`OSSF Provider mappers Should map scorecard data correctly 1`] = `
{
  "analysis_execution_time": 19876,
  "analysis_score": 6,
  "analysis_time": "2024-12-11T23:55:17Z",
  "binary_artifacts_details": undefined,
  "binary_artifacts_documentation": "Determines if the project has generated executable (binary) artifacts in the source repository.",
  "binary_artifacts_documentation_url": "https://github.com/ossf/scorecard/blob/ea7e27ed41b76ab879c862fa0ca4cc9c61764ee4/docs/checks.md#binary-artifacts",
  "binary_artifacts_reason": "no binaries found in the repo",
  "binary_artifacts_score": 10,
  "branch_protection_details": undefined,
  "branch_protection_documentation": "Determines if the default and release branches are protected with GitHub's branch protection settings.",
  "branch_protection_documentation_url": "https://github.com/ossf/scorecard/blob/ea7e27ed41b76ab879c862fa0ca4cc9c61764ee4/docs/checks.md#branch-protection",
  "branch_protection_reason": "branch protection is not maximal on development and all release branches",
  "branch_protection_score": 3,
  "ci_tests_details": undefined,
  "ci_tests_documentation": "Determines if the project runs tests before pull requests are merged.",
  "ci_tests_documentation_url": "https://github.com/ossf/scorecard/blob/ea7e27ed41b76ab879c862fa0ca4cc9c61764ee4/docs/checks.md#ci-tests",
  "ci_tests_reason": "13 out of 19 merged PRs checked by a CI test -- score normalized to 6",
  "ci_tests_score": 6,
  "cii_best_practices_details": undefined,
  "cii_best_practices_documentation": "Determines if the project has an OpenSSF (formerly CII) Best Practices Badge.",
  "cii_best_practices_documentation_url": "https://github.com/ossf/scorecard/blob/ea7e27ed41b76ab879c862fa0ca4cc9c61764ee4/docs/checks.md#cii-best-practices",
  "cii_best_practices_reason": "no effort to earn an OpenSSF best practices badge detected",
  "cii_best_practices_score": 0,
  "code_review_details": undefined,
  "code_review_documentation": "Determines if the project requires human code review before pull requests (aka merge requests) are merged.",
  "code_review_documentation_url": "https://github.com/ossf/scorecard/blob/ea7e27ed41b76ab879c862fa0ca4cc9c61764ee4/docs/checks.md#code-review",
  "code_review_reason": "Found 9/30 approved changesets -- score normalized to 3",
  "code_review_score": 3,
  "contributors_details": undefined,
  "contributors_documentation": "Determines if the project has a set of contributors from multiple organizations (e.g., companies).",
  "contributors_documentation_url": "https://github.com/ossf/scorecard/blob/ea7e27ed41b76ab879c862fa0ca4cc9c61764ee4/docs/checks.md#contributors",
  "contributors_reason": "project has 21 contributing companies or organizations",
  "contributors_score": 10,
  "dangerous_workflow_details": undefined,
  "dangerous_workflow_documentation": "Determines if the project's GitHub Action workflows avoid dangerous patterns.",
  "dangerous_workflow_documentation_url": "https://github.com/ossf/scorecard/blob/ea7e27ed41b76ab879c862fa0ca4cc9c61764ee4/docs/checks.md#dangerous-workflow",
  "dangerous_workflow_reason": "no dangerous workflow patterns detected",
  "dangerous_workflow_score": 10,
  "dependency_update_tool_details": undefined,
  "dependency_update_tool_documentation": "Determines if the project uses a dependency update tool.",
  "dependency_update_tool_documentation_url": "https://github.com/ossf/scorecard/blob/ea7e27ed41b76ab879c862fa0ca4cc9c61764ee4/docs/checks.md#dependency-update-tool",
  "dependency_update_tool_reason": "no update tool detected",
  "dependency_update_tool_score": 0,
  "fuzzing_details": undefined,
  "fuzzing_documentation": "Determines if the project uses fuzzing.",
  "fuzzing_documentation_url": "https://github.com/ossf/scorecard/blob/ea7e27ed41b76ab879c862fa0ca4cc9c61764ee4/docs/checks.md#fuzzing",
  "fuzzing_reason": "project is not fuzzed",
  "fuzzing_score": 0,
  "license_details": "Info: project has a license file: LICENSE:0
Info: FSF or OSI recognized license: MIT License: LICENSE:0",
  "license_documentation": "Determines if the project has defined a license.",
  "license_documentation_url": "https://github.com/ossf/scorecard/blob/ea7e27ed41b76ab879c862fa0ca4cc9c61764ee4/docs/checks.md#license",
  "license_reason": "license file detected",
  "license_score": 10,
  "maintained_details": undefined,
  "maintained_documentation": "Determines if the project is "actively maintained".",
  "maintained_documentation_url": "https://github.com/ossf/scorecard/blob/ea7e27ed41b76ab879c862fa0ca4cc9c61764ee4/docs/checks.md#maintained",
  "maintained_reason": "30 commit(s) and 21 issue activity found in the last 90 days -- score normalized to 10",
  "maintained_score": 10,
  "packaging_details": undefined,
  "packaging_documentation": "Determines if the project is published as a package that others can easily download, install, easily update, and uninstall.",
  "packaging_documentation_url": "https://github.com/ossf/scorecard/blob/ea7e27ed41b76ab879c862fa0ca4cc9c61764ee4/docs/checks.md#packaging",
  "packaging_reason": "packaging workflow not detected",
  "packaging_score": -1,
  "pinned_dependencies_details": undefined,
  "pinned_dependencies_documentation": "Determines if the project has declared and pinned the dependencies of its build process.",
  "pinned_dependencies_documentation_url": "https://github.com/ossf/scorecard/blob/ea7e27ed41b76ab879c862fa0ca4cc9c61764ee4/docs/checks.md#pinned-dependencies",
  "pinned_dependencies_reason": "dependency not pinned by hash detected -- score normalized to 4",
  "pinned_dependencies_score": 4,
  "repo_commit": "e739f419e56442b754e4fea6dbcf98c1c8d00dda",
  "sast_details": undefined,
  "sast_documentation": "Determines if the project uses static code analysis.",
  "sast_documentation_url": "https://github.com/ossf/scorecard/blob/ea7e27ed41b76ab879c862fa0ca4cc9c61764ee4/docs/checks.md#sast",
  "sast_reason": "SAST tool is not run on all commits -- score normalized to 0",
  "sast_score": 0,
  "scorecard_commit": "ea7e27ed41b76ab879c862fa0ca4cc9c61764ee4",
  "scorecard_version": "v5.0.0",
  "security_policy_details": undefined,
  "security_policy_documentation": "Determines if the project has published a security policy.",
  "security_policy_documentation_url": "https://github.com/ossf/scorecard/blob/ea7e27ed41b76ab879c862fa0ca4cc9c61764ee4/docs/checks.md#security-policy",
  "security_policy_reason": "security policy file detected",
  "security_policy_score": 10,
  "signed_releases_details": undefined,
  "signed_releases_documentation": "Determines if the project cryptographically signs release artifacts.",
  "signed_releases_documentation_url": "https://github.com/ossf/scorecard/blob/ea7e27ed41b76ab879c862fa0ca4cc9c61764ee4/docs/checks.md#signed-releases",
  "signed_releases_reason": "no releases found",
  "signed_releases_score": -1,
  "token_permissions_details": undefined,
  "token_permissions_documentation": "Determines if the project's workflows follow the principle of least privilege.",
  "token_permissions_documentation_url": "https://github.com/ossf/scorecard/blob/ea7e27ed41b76ab879c862fa0ca4cc9c61764ee4/docs/checks.md#token-permissions",
  "token_permissions_reason": "detected GitHub workflow tokens with excessive permissions",
  "token_permissions_score": 9,
  "vulnerabilities_details": undefined,
  "vulnerabilities_documentation": "Determines if the project has open, known unfixed vulnerabilities.",
  "vulnerabilities_documentation_url": "https://github.com/ossf/scorecard/blob/ea7e27ed41b76ab879c862fa0ca4cc9c61764ee4/docs/checks.md#vulnerabilities",
  "vulnerabilities_reason": "2 existing vulnerabilities detected",
  "vulnerabilities_score": 8,
}
`;
